
> ciencechip-software-development@2.1.0 build
> next build

- info Linting and checking validity of types...
- info Creating an optimized production build...
- info Compiled successfully
- info Collecting page data...
- info Generating static pages (0/58)
- info Generating static pages (14/58)
- info Generating static pages (28/58)
- info Generating static pages (43/58)
- info Generating static pages (58/58)
- info Finalizing page optimization...

Route (pages)                              Size     First Load JS
Ôöî Ôùï /                                      2.15 kB         156 kB
Ôö£   /_app                                  0 B            83.3 kB
Ôö£ Ôùï /404                                   184 B          83.5 kB
Ôö£ Ôùï /about-us                              7.19 kB         130 kB
Ôö£ Ôùï /about-us copy                         4.11 kB         147 kB
Ôö£ Ôùï /blog                                  2.29 kB        92.4 kB
Ôö£ Ôùï /blog-details                          3.94 kB         127 kB
Ôö£ Ôùï /blog-details-left-sidebar             5.13 kB         128 kB
Ôö£ Ôùï /blog-details-right-sidebar            5.13 kB         128 kB
Ôö£ Ôùï /blog-style-1                          2 kB            127 kB
Ôö£ Ôùï /blog-style-2                          469 B           125 kB
Ôö£ Ôùï /blog/[id]                             4.81 kB        92.9 kB
Ôö£ Ôùï /cart                                  1.52 kB         124 kB
Ôö£ Ôùï /checkout                              2.1 kB          125 kB
Ôö£ Ôùï /contact                               1.71 kB         125 kB
Ôö£ Ôùï /faqs                                  1.65 kB         126 kB
Ôö£ Ôùï /home-2                                6.94 kB         132 kB
Ôö£ Ôùï /home-3                                8.22 kB         153 kB
Ôö£ Ôùï /home-4                                9.76 kB         170 kB
Ôö£   Ôöö css/7d4e15b7cdba026c.css             1.55 kB
Ôö£ Ôùï /home-5                                6.11 kB         149 kB
Ôö£ Ôùï /home-6                                437 B           155 kB
Ôö£ Ôùï /home-7                                12.2 kB         137 kB
Ôö£ Ôùï /my-account                            1.21 kB         124 kB
Ôö£ Ôùï /portfolio-details                     1.99 kB        90.1 kB
Ôö£ Ôùï /portfolio-style-1                     2.09 kB         125 kB
Ôö£ Ôùï /portfolio-style-1 copy                2.09 kB         125 kB
Ôö£ Ôùï /portfolio-style-2                     2.04 kB         125 kB
Ôö£ Ôùï /portfolio/[slug]                      1.75 kB         103 kB
Ôö£ Ôùï /pricing                               2.22 kB         125 kB
Ôö£ Ôùï /service                               3.6 kB          126 kB
Ôö£ Ôùï /service-ai-governance                 11.1 kB        99.2 kB
Ôö£ Ôùï /service-app-development               14.4 kB         116 kB
Ôö£ Ôùï /service-app-retirement                10.6 kB        98.7 kB
Ôö£ Ôùï /service-application-archiving         12.7 kB         101 kB
Ôö£ Ôùï /service-cloud-hosting                 14.7 kB         103 kB
Ôö£ Ôùï /service-data-management               10.3 kB        98.4 kB
Ôö£ Ôùï /service-details                       2.42 kB        90.5 kB
Ôö£ Ôùï /service-digital-marketing             14.4 kB         103 kB
Ôö£ Ôùï /service-enterprise-ai                 12.5 kB         101 kB
Ôö£ Ôùï /service-enterprise-archiving          10.4 kB        98.5 kB
Ôö£ Ôùï /service-enterprise-intelligence       10.6 kB        98.7 kB
Ôö£ Ôùï /service-file-archiving                10.6 kB        98.7 kB
Ôö£ Ôùï /service-it-consulting                 10.7 kB        98.9 kB
Ôö£ Ôùï /service-it-management                 10.8 kB        98.9 kB
Ôö£ Ôùï /service-precustomized-solution        14.4 kB         102 kB
Ôö£ Ôùï /service-social-media                  14.5 kB         103 kB
Ôö£ Ôùï /service-style-2                       2.88 kB         126 kB
Ôö£ Ôùï /service-style-3                       1.28 kB         124 kB
Ôö£ Ôùï /service-style-4                       1.48 kB         124 kB
Ôö£ Ôùï /service-style-5                       1.31 kB         124 kB
Ôö£ Ôùï /service-style-6                       2.05 kB         125 kB
Ôö£ Ôùï /service-vcio                          11.2 kB        99.3 kB
Ôö£ Ôùï /service-web-development               15.7 kB         117 kB
Ôö£ Ôùï /shop                                  1.4 kB          124 kB
Ôö£ Ôùï /shop-details                          3.38 kB         142 kB
Ôö£   Ôöö css/7f47b9549bf34fb2.css             1.12 kB
Ôö£ Ôùï /team                                  1.97 kB         144 kB
Ôö£ Ôùï /team-detail                           3.28 kB         126 kB
Ôöö Ôùï /test                                  312 B            88 kB
+ First Load JS shared by all              184 kB
  Ôö£ chunks/framework-ce84985cd166733a.js   45.2 kB
  Ôö£ chunks/main-0d183901d2210d45.js        29.9 kB
  Ôö£ chunks/pages/_app-f5812bea76252fd4.js  6.19 kB
  Ôö£ chunks/webpack-fe932949b0e12ed5.js     2.01 kB
  Ôöö css/fc3f62cfb56f0b01.css               101 kB

Ôùï  (Static)  automatically rendered as static HTML (uses no initial props)

